2026/07/26 01:48:44.186467 [SIM] CSI Simulator CLI starting
2026/07/26 01:48:44.186619 [SIM] Random seed: 42
2026/07/26 01:48:44.186629 [SIM] Configuration:
2026/07/26 01:48:44.186633 [SIM]   Mothership: ws://localhost:8088/ws/node
2026/07/26 01:48:44.186636 [SIM]   Scenario: normal
2026/07/26 01:48:44.186639 [SIM]   Nodes: 4
2026/07/26 01:48:44.186642 [SIM]   Walkers: 3
2026/07/26 01:48:44.186645 [SIM]   Rate: 30 Hz
2026/07/26 01:48:44.186647 [SIM]   Duration: 60 s
2026/07/26 01:48:44.186650 [SIM]   Space: 5.0x5.0x2.5 m
2026/07/26 01:48:44.186657 [SIM]   Walls: 0
2026/07/26 01:48:44.186659 [SIM]   BLE: false
2026/07/26 01:48:44.189198 [SIM] Auto-provisioned token: 8364555a485d09fb...
2026/07/26 01:48:44.189230 [SIM] Node 0 connecting to ws://localhost:8088/ws/node
2026/07/26 01:48:44.190595 [SIM] Node 0 connected
2026/07/26 01:48:44.196946 [SIM] Node 0 received role: tx_rx
2026/07/26 01:48:44.196984 [SIM] Node 1 connecting to ws://localhost:8088/ws/node
2026/07/26 01:48:44.197149 [SIM] Node 0 config update: map[rate_hz:20 type:config variance_threshold:0.02]
2026/07/26 01:48:44.198103 [SIM] Node 1 connected
2026/07/26 01:48:44.205571 [SIM] Node 1 received role: tx
2026/07/26 01:48:44.205639 [SIM] Node 2 connecting to ws://localhost:8088/ws/node
2026/07/26 01:48:44.205862 [SIM] Node 1 config update: map[rate_hz:20 type:config variance_threshold:0.02]
2026/07/26 01:48:44.206158 [SIM] Node 0 role update: tx_rx
2026/07/26 01:48:44.206904 [SIM] Node 2 connected
2026/07/26 01:48:44.215125 [SIM] Node 2 received role: rx
2026/07/26 01:48:44.215149 [SIM] Node 3 connecting to ws://localhost:8088/ws/node
2026/07/26 01:48:44.215315 [SIM] Node 2 config update: map[rate_hz:20 type:config variance_threshold:0.02]
2026/07/26 01:48:44.216445 [SIM] Node 3 connected
2026/07/26 01:48:44.218514 [SIM] Node 0 role update: tx
2026/07/26 01:48:44.222415 [SIM] Node 1 role update: rx
2026/07/26 01:48:44.227599 [SIM] Node 3 received role: tx
2026/07/26 01:48:44.227715 [SIM] Node 3 config update: map[rate_hz:20 tx_slot_us:25000 type:config variance_threshold:0.02]
2026/07/26 01:48:44.232529 [SIM] Node 0 role update: tx
2026/07/26 01:48:44.236187 [SIM] Node 1 role update: rx
2026/07/26 01:48:44.238722 [SIM] Node 2 role update: rx
2026/07/26 01:48:44.241460 [SIM] Node 0 role update: tx
2026/07/26 01:48:44.243180 [SIM] Node 1 role update: tx
2026/07/26 01:48:44.243334 [SIM] Node 2 role update: rx
2026/07/26 01:48:44.243395 [SIM] Node 3 role update: rx
2026/07/26 01:48:44.294307 [SIM] Node 0 config update: map[rate_hz:50 type:config]
2026/07/26 01:48:44.294376 [SIM] Node 1 config update: map[rate_hz:50 type:config]
2026/07/26 01:48:44.294892 [SIM] Node 3 config update: map[rate_hz:50 type:config]
2026/07/26 01:48:45.483251 [SIM] Node 2 config update: map[rate_hz:50 type:config]
2026/07/26 01:48:54.053477 [SIM] Node 3 config update: map[rate_hz:20 tx_slot_us:37035 type:config variance_threshold:0.02]
2026/07/26 01:48:54.053559 [SIM] Node 1 config update: map[rate_hz:20 tx_slot_us:5440 type:config variance_threshold:0.02]
2026/07/26 01:48:54.188099 [SIM] Stats: frames=3612 fps=361.2 blobs=0 elapsed=10.0s
2026/07/26 01:49:04.188607 [SIM] Stats: frames=7248 fps=362.4 blobs=2 elapsed=20.0s
